[     141ms] [LOG] [Fast Refresh] rebuilding @ http://localhost:3007/_next/static/chunks/0r9g_next_dist_0gdr-x8._.js:2431
[     266ms] [LOG] [Fast Refresh] done in 237ms @ http://localhost:3007/_next/static/chunks/0r9g_next_dist_0gdr-x8._.js:2431
[     356ms] [INFO] %cDownload the React DevTools for a better development experience: https://react.dev/link/react-devtools font-weight:bold @ http://localhost:3007/_next/static/chunks/0r9g_next_dist_0gdr-x8._.js:2431
[     432ms] [LOG] [HMR] connected @ http://localhost:3007/_next/static/chunks/0r9g_next_dist_0gdr-x8._.js:2431
[    3495ms] [WARNING] The resource http://localhost:3007/_next/image?url=%2F_next%2Fstatic%2Fmedia%2Fwordmark.0uqj7h345x-v..png&w=256&q=75 was preloaded using link preload but not used within a few seconds from the window's load event. Please make sure it has an appropriate `as` value and it is preloaded intentionally. @ http://localhost:3007/chat:0
[  433201ms] [LOG] [Fast Refresh] rebuilding @ http://localhost:3007/_next/static/chunks/0r9g_next_dist_0gdr-x8._.js:2431
[  433469ms] [LOG] [Fast Refresh] done in 231ms @ http://localhost:3007/_next/static/chunks/0r9g_next_dist_0gdr-x8._.js:2431
[  433578ms] [LOG] [Fast Refresh] rebuilding @ http://localhost:3007/_next/static/chunks/0r9g_next_dist_0gdr-x8._.js:2431
[  433610ms] [LOG] [Fast Refresh] done in 135ms @ http://localhost:3007/_next/static/chunks/0r9g_next_dist_0gdr-x8._.js:2431
[  436634ms] [WARNING] The resource http://localhost:3007/_next/image?url=%2F_next%2Fstatic%2Fmedia%2Fwordmark.0uqj7h345x-v..png&w=256&q=75 was preloaded using link preload but not used within a few seconds from the window's load event. Please make sure it has an appropriate `as` value and it is preloaded intentionally. @ http://localhost:3007/chat:0
[  794599ms] [LOG] [Fast Refresh] rebuilding @ http://localhost:3007/_next/static/chunks/0r9g_next_dist_0gdr-x8._.js:2431
[  794869ms] [LOG] [Fast Refresh] done in 376ms @ http://localhost:3007/_next/static/chunks/0r9g_next_dist_0gdr-x8._.js:2431
[  809503ms] [LOG] [Fast Refresh] rebuilding @ http://localhost:3007/_next/static/chunks/0r9g_next_dist_0gdr-x8._.js:2431
[  809846ms] [LOG] [Fast Refresh] done in 456ms @ http://localhost:3007/_next/static/chunks/0r9g_next_dist_0gdr-x8._.js:2431
[  810994ms] [LOG] [Fast Refresh] rebuilding @ http://localhost:3007/_next/static/chunks/0r9g_next_dist_0gdr-x8._.js:2431
[  811032ms] [LOG] [Fast Refresh] done in 143ms @ http://localhost:3007/_next/static/chunks/0r9g_next_dist_0gdr-x8._.js:2431
[  812806ms] [WARNING] The resource http://localhost:3007/_next/image?url=%2F_next%2Fstatic%2Fmedia%2Fwordmark.0uqj7h345x-v..png&w=256&q=75 was preloaded using link preload but not used within a few seconds from the window's load event. Please make sure it has an appropriate `as` value and it is preloaded intentionally. @ http://localhost:3007/chat:0
[  891259ms] [LOG] [Fast Refresh] rebuilding @ http://localhost:3007/_next/static/chunks/0r9g_next_dist_0gdr-x8._.js:2431
[  891293ms] [LOG] [Fast Refresh] done in 145ms @ http://localhost:3007/_next/static/chunks/0r9g_next_dist_0gdr-x8._.js:2431
[ 1012156ms] [ERROR] WebSocket connection to 'ws://localhost:3007/_next/webpack-hmr?id=NHD2_CkBtRZUy5HPb1Frz' failed: Error in connection establishment: net::ERR_CONNECTION_REFUSED @ http://localhost:3007/_next/static/chunks/0r9g_next_dist_client_12gpkjl._.js:13299
[ 1017284ms] [LOG] [HMR] connected @ http://localhost:3007/_next/static/chunks/0r9g_next_dist_0gdr-x8._.js:2431
[ 1019172ms] [INFO] %cDownload the React DevTools for a better development experience: https://react.dev/link/react-devtools font-weight:bold @ http://localhost:3007/_next/static/chunks/0r9g_next_dist_0gdr-x8._.js:2431
[ 1019373ms] [LOG] [HMR] connected @ http://localhost:3007/_next/static/chunks/0r9g_next_dist_0gdr-x8._.js:2431
[ 1022548ms] [WARNING] The resource http://localhost:3007/_next/image?url=%2F_next%2Fstatic%2Fmedia%2Fwordmark.0uqj7h345x-v..png&w=256&q=75 was preloaded using link preload but not used within a few seconds from the window's load event. Please make sure it has an appropriate `as` value and it is preloaded intentionally. @ http://localhost:3007/chat:0
[ 1025199ms] [ERROR] WebSocket connection to 'ws://localhost:3007/_next/webpack-hmr?id=zabTegud-02IXL5665YCh' failed: Error in connection establishment: net::ERR_CONNECTION_REFUSED @ http://localhost:3007/_next/static/chunks/0r9g_next_dist_client_12gpkjl._.js:13299
[ 1028579ms] [ERROR] WebSocket connection to 'ws://localhost:3007/_next/webpack-hmr?id=zabTegud-02IXL5665YCh' failed: Error in connection establishment: net::ERR_CONNECTION_REFUSED @ http://localhost:3007/_next/static/chunks/0r9g_next_dist_client_12gpkjl._.js:13299
[ 1031941ms] [ERROR] WebSocket connection to 'ws://localhost:3007/_next/webpack-hmr?id=zabTegud-02IXL5665YCh' failed: Error in connection establishment: net::ERR_CONNECTION_REFUSED @ http://localhost:3007/_next/static/chunks/0r9g_next_dist_client_12gpkjl._.js:13299
[ 1035321ms] [ERROR] WebSocket connection to 'ws://localhost:3007/_next/webpack-hmr?id=zabTegud-02IXL5665YCh' failed: Error in connection establishment: net::ERR_CONNECTION_REFUSED @ http://localhost:3007/_next/static/chunks/0r9g_next_dist_client_12gpkjl._.js:13299
[ 1038673ms] [ERROR] WebSocket connection to 'ws://localhost:3007/_next/webpack-hmr?id=zabTegud-02IXL5665YCh' failed: Error in connection establishment: net::ERR_CONNECTION_REFUSED @ http://localhost:3007/_next/static/chunks/0r9g_next_dist_client_12gpkjl._.js:13299
[ 1046015ms] [ERROR] WebSocket connection to 'ws://localhost:3007/_next/webpack-hmr?id=zabTegud-02IXL5665YCh' failed: Error in connection establishment: net::ERR_CONNECTION_REFUSED @ http://localhost:3007/_next/static/chunks/0r9g_next_dist_client_12gpkjl._.js:13299
[ 1053348ms] [ERROR] WebSocket connection to 'ws://localhost:3007/_next/webpack-hmr?id=zabTegud-02IXL5665YCh' failed: Error in connection establishment: net::ERR_CONNECTION_REFUSED @ http://localhost:3007/_next/static/chunks/0r9g_next_dist_client_12gpkjl._.js:13299
[ 1060720ms] [ERROR] WebSocket connection to 'ws://localhost:3007/_next/webpack-hmr?id=zabTegud-02IXL5665YCh' failed: Error in connection establishment: net::ERR_CONNECTION_REFUSED @ http://localhost:3007/_next/static/chunks/0r9g_next_dist_client_12gpkjl._.js:13299
[ 1068094ms] [ERROR] WebSocket connection to 'ws://localhost:3007/_next/webpack-hmr?id=zabTegud-02IXL5665YCh' failed: Error in connection establishment: net::ERR_CONNECTION_REFUSED @ http://localhost:3007/_next/static/chunks/0r9g_next_dist_client_12gpkjl._.js:13299
[ 1075466ms] [ERROR] WebSocket connection to 'ws://localhost:3007/_next/webpack-hmr?id=zabTegud-02IXL5665YCh' failed: Error in connection establishment: net::ERR_CONNECTION_REFUSED @ http://localhost:3007/_next/static/chunks/0r9g_next_dist_client_12gpkjl._.js:13299
[ 1082847ms] [ERROR] WebSocket connection to 'ws://localhost:3007/_next/webpack-hmr?id=zabTegud-02IXL5665YCh' failed: Error in connection establishment: net::ERR_CONNECTION_REFUSED @ http://localhost:3007/_next/static/chunks/0r9g_next_dist_client_12gpkjl._.js:13299
[ 1090217ms] [ERROR] WebSocket connection to 'ws://localhost:3007/_next/webpack-hmr?id=zabTegud-02IXL5665YCh' failed: Error in connection establishment: net::ERR_CONNECTION_REFUSED @ http://localhost:3007/_next/static/chunks/0r9g_next_dist_client_12gpkjl._.js:13299
